[0.612s] Invoking command in '/home/bxnchxchi/4sem1/ADV-mo/src/try': PYTHONPATH=/home/bxnchxchi/4sem1/ADV-mo/build/try/prefix_override:/usr/lib/python3/dist-packages/colcon_core/task/python/colcon_distutils_commands:/home/bxnchxchi/4sem1/ADV-mo/install/try/lib/python3.10/site-packages:${PYTHONPATH} /usr/bin/python3 -W ignore:setup.py install is deprecated -W ignore:easy_install command is deprecated setup.py egg_info --egg-base ../../build/try build --build-base /home/bxnchxchi/4sem1/ADV-mo/build/try/build install --record /home/bxnchxchi/4sem1/ADV-mo/build/try/install.log --single-version-externally-managed install_data
[0.737s] /home/bxnchxchi/.local/lib/python3.10/site-packages/setuptools/_distutils/dist.py:289: UserWarning: Unknown distribution option: 'tests_require'
[0.738s]   warnings.warn(msg)
[0.831s] running egg_info
[0.846s] writing ../../build/try/try.egg-info/PKG-INFO
[0.847s] writing dependency_links to ../../build/try/try.egg-info/dependency_links.txt
[0.847s] writing entry points to ../../build/try/try.egg-info/entry_points.txt
[0.847s] writing requirements to ../../build/try/try.egg-info/requires.txt
[0.847s] writing top-level names to ../../build/try/try.egg-info/top_level.txt
[0.878s] reading manifest file '../../build/try/try.egg-info/SOURCES.txt'
[0.879s] writing manifest file '../../build/try/try.egg-info/SOURCES.txt'
[0.879s] running build
[0.879s] running build_py
[0.880s] copying try/listener.py -> /home/bxnchxchi/4sem1/ADV-mo/build/try/build/lib/try
[0.880s] copying try/turtle_writer.py -> /home/bxnchxchi/4sem1/ADV-mo/build/try/build/lib/try
[0.880s] copying try/talker.py -> /home/bxnchxchi/4sem1/ADV-mo/build/try/build/lib/try
[0.880s] copying try/__init__.py -> /home/bxnchxchi/4sem1/ADV-mo/build/try/build/lib/try
[0.880s] copying try/pen_writer.py -> /home/bxnchxchi/4sem1/ADV-mo/build/try/build/lib/try
[0.880s] copying try/turtle_circle.py -> /home/bxnchxchi/4sem1/ADV-mo/build/try/build/lib/try
[0.881s] copying try/adder_server.py -> /home/bxnchxchi/4sem1/ADV-mo/build/try/build/lib/try
[0.881s] running install
[0.885s] running install_lib
[0.900s] copying /home/bxnchxchi/4sem1/ADV-mo/build/try/build/lib/try/listener.py -> /home/bxnchxchi/4sem1/ADV-mo/install/try/lib/python3.10/site-packages/try
[0.900s] copying /home/bxnchxchi/4sem1/ADV-mo/build/try/build/lib/try/turtle_writer.py -> /home/bxnchxchi/4sem1/ADV-mo/install/try/lib/python3.10/site-packages/try
[0.900s] copying /home/bxnchxchi/4sem1/ADV-mo/build/try/build/lib/try/talker.py -> /home/bxnchxchi/4sem1/ADV-mo/install/try/lib/python3.10/site-packages/try
[0.900s] copying /home/bxnchxchi/4sem1/ADV-mo/build/try/build/lib/try/pen_writer.py -> /home/bxnchxchi/4sem1/ADV-mo/install/try/lib/python3.10/site-packages/try
[0.900s] copying /home/bxnchxchi/4sem1/ADV-mo/build/try/build/lib/try/turtle_circle.py -> /home/bxnchxchi/4sem1/ADV-mo/install/try/lib/python3.10/site-packages/try
[0.900s] copying /home/bxnchxchi/4sem1/ADV-mo/build/try/build/lib/try/adder_server.py -> /home/bxnchxchi/4sem1/ADV-mo/install/try/lib/python3.10/site-packages/try
[0.901s] byte-compiling /home/bxnchxchi/4sem1/ADV-mo/install/try/lib/python3.10/site-packages/try/listener.py to listener.cpython-310.pyc
[0.901s] byte-compiling /home/bxnchxchi/4sem1/ADV-mo/install/try/lib/python3.10/site-packages/try/turtle_writer.py to turtle_writer.cpython-310.pyc
[0.902s] byte-compiling /home/bxnchxchi/4sem1/ADV-mo/install/try/lib/python3.10/site-packages/try/talker.py to talker.cpython-310.pyc
[0.902s] byte-compiling /home/bxnchxchi/4sem1/ADV-mo/install/try/lib/python3.10/site-packages/try/pen_writer.py to pen_writer.cpython-310.pyc
[0.903s] byte-compiling /home/bxnchxchi/4sem1/ADV-mo/install/try/lib/python3.10/site-packages/try/turtle_circle.py to turtle_circle.cpython-310.pyc
[0.904s] byte-compiling /home/bxnchxchi/4sem1/ADV-mo/install/try/lib/python3.10/site-packages/try/adder_server.py to adder_server.cpython-310.pyc
[0.904s] running install_data
[0.904s] copying resource/try -> /home/bxnchxchi/4sem1/ADV-mo/install/try/share/ament_index/resource_index/packages
[0.904s] copying package.xml -> /home/bxnchxchi/4sem1/ADV-mo/install/try/share/try
[0.905s] running install_egg_info
[0.921s] removing '/home/bxnchxchi/4sem1/ADV-mo/install/try/lib/python3.10/site-packages/try-0.0.0-py3.10.egg-info' (and everything under it)
[0.921s] Copying ../../build/try/try.egg-info to /home/bxnchxchi/4sem1/ADV-mo/install/try/lib/python3.10/site-packages/try-0.0.0-py3.10.egg-info
[0.922s] running install_scripts
[1.051s] Installing adder_server script to /home/bxnchxchi/4sem1/ADV-mo/install/try/lib/try
[1.051s] Installing listener script to /home/bxnchxchi/4sem1/ADV-mo/install/try/lib/try
[1.051s] Installing pen_writer script to /home/bxnchxchi/4sem1/ADV-mo/install/try/lib/try
[1.051s] Installing talker script to /home/bxnchxchi/4sem1/ADV-mo/install/try/lib/try
[1.051s] Installing turtle_circle script to /home/bxnchxchi/4sem1/ADV-mo/install/try/lib/try
[1.052s] Installing turtle_writer script to /home/bxnchxchi/4sem1/ADV-mo/install/try/lib/try
[1.052s] writing list of installed files to '/home/bxnchxchi/4sem1/ADV-mo/build/try/install.log'
[1.074s] Invoked command in '/home/bxnchxchi/4sem1/ADV-mo/src/try' returned '0': PYTHONPATH=/home/bxnchxchi/4sem1/ADV-mo/build/try/prefix_override:/usr/lib/python3/dist-packages/colcon_core/task/python/colcon_distutils_commands:/home/bxnchxchi/4sem1/ADV-mo/install/try/lib/python3.10/site-packages:${PYTHONPATH} /usr/bin/python3 -W ignore:setup.py install is deprecated -W ignore:easy_install command is deprecated setup.py egg_info --egg-base ../../build/try build --build-base /home/bxnchxchi/4sem1/ADV-mo/build/try/build install --record /home/bxnchxchi/4sem1/ADV-mo/build/try/install.log --single-version-externally-managed install_data
