[0.089s] DEBUG:colcon:Command line arguments: ['/usr/bin/colcon', 'build']
[0.089s] DEBUG:colcon:Parsed command line arguments: Namespace(log_base=None, log_level=None, verb_name='build', build_base='build', install_base='install', merge_install=False, symlink_install=False, test_result_base=None, continue_on_error=False, executor='parallel', parallel_workers=8, event_handlers=None, ignore_user_meta=False, metas=['./colcon.meta'], base_paths=['.'], packages_ignore=None, packages_ignore_regex=None, paths=None, packages_up_to=None, packages_up_to_regex=None, packages_above=None, packages_above_and_dependencies=None, packages_above_depth=None, packages_select_by_dep=None, packages_skip_by_dep=None, packages_skip_up_to=None, packages_select_build_failed=False, packages_skip_build_finished=False, packages_select_test_failures=False, packages_skip_test_passed=False, packages_select=None, packages_skip=None, packages_select_regex=None, packages_skip_regex=None, packages_start=None, packages_end=None, allow_overriding=[], cmake_args=None, cmake_target=None, cmake_target_skip_unavailable=False, cmake_clean_cache=False, cmake_clean_first=False, cmake_force_configure=False, ament_cmake_args=None, catkin_cmake_args=None, catkin_skip_building_tests=False, mixin_files=None, mixin=None, verb_parser=<colcon_mixin.mixin.mixin_argument.MixinArgumentDecorator object at 0x701ac9c94790>, verb_extension=<colcon_core.verb.build.BuildVerb object at 0x701ac9c94250>, main=<bound method BuildVerb.main of <colcon_core.verb.build.BuildVerb object at 0x701ac9c94250>>, mixin_verb=('build',))
[0.120s] Level 1:colcon.colcon_core.package_discovery:discover_packages(colcon_meta) check parameters
[0.120s] Level 1:colcon.colcon_core.package_discovery:discover_packages(recursive) check parameters
[0.120s] Level 1:colcon.colcon_core.package_discovery:discover_packages(ignore) check parameters
[0.120s] Level 1:colcon.colcon_core.package_discovery:discover_packages(path) check parameters
[0.120s] Level 1:colcon.colcon_core.package_discovery:discover_packages(colcon_meta) discover
[0.120s] Level 1:colcon.colcon_core.package_discovery:discover_packages(recursive) discover
[0.120s] INFO:colcon.colcon_core.package_discovery:Crawling recursively for packages in '/home/bxnchxchi/4sem1/ADV-mo'
[0.120s] Level 1:colcon.colcon_core.package_identification:_identify(.) by extensions ['ignore', 'ignore_ament_install']
[0.120s] Level 1:colcon.colcon_core.package_identification:_identify(.) by extension 'ignore'
[0.121s] Level 1:colcon.colcon_core.package_identification:_identify(.) by extension 'ignore_ament_install'
[0.121s] Level 1:colcon.colcon_core.package_identification:_identify(.) by extensions ['colcon_pkg']
[0.121s] Level 1:colcon.colcon_core.package_identification:_identify(.) by extension 'colcon_pkg'
[0.121s] Level 1:colcon.colcon_core.package_identification:_identify(.) by extensions ['colcon_meta']
[0.121s] Level 1:colcon.colcon_core.package_identification:_identify(.) by extension 'colcon_meta'
[0.121s] Level 1:colcon.colcon_core.package_identification:_identify(.) by extensions ['ros']
[0.121s] Level 1:colcon.colcon_core.package_identification:_identify(.) by extension 'ros'
[0.143s] Level 1:colcon.colcon_core.package_identification:_identify(.) by extensions ['cmake', 'python']
[0.144s] Level 1:colcon.colcon_core.package_identification:_identify(.) by extension 'cmake'
[0.144s] Level 1:colcon.colcon_core.package_identification:_identify(.) by extension 'python'
[0.144s] Level 1:colcon.colcon_core.package_identification:_identify(.) by extensions ['python_setup_py']
[0.144s] Level 1:colcon.colcon_core.package_identification:_identify(.) by extension 'python_setup_py'
[0.144s] Level 1:colcon.colcon_core.package_identification:_identify(build) by extensions ['ignore', 'ignore_ament_install']
[0.144s] Level 1:colcon.colcon_core.package_identification:_identify(build) by extension 'ignore'
[0.144s] Level 1:colcon.colcon_core.package_identification:_identify(build) ignored
[0.144s] Level 1:colcon.colcon_core.package_identification:_identify(install) by extensions ['ignore', 'ignore_ament_install']
[0.144s] Level 1:colcon.colcon_core.package_identification:_identify(install) by extension 'ignore'
[0.144s] Level 1:colcon.colcon_core.package_identification:_identify(install) ignored
[0.144s] Level 1:colcon.colcon_core.package_identification:_identify(log) by extensions ['ignore', 'ignore_ament_install']
[0.144s] Level 1:colcon.colcon_core.package_identification:_identify(log) by extension 'ignore'
[0.144s] Level 1:colcon.colcon_core.package_identification:_identify(log) ignored
[0.144s] Level 1:colcon.colcon_core.package_identification:_identify(src) by extensions ['ignore', 'ignore_ament_install']
[0.144s] Level 1:colcon.colcon_core.package_identification:_identify(src) by extension 'ignore'
[0.145s] Level 1:colcon.colcon_core.package_identification:_identify(src) by extension 'ignore_ament_install'
[0.145s] Level 1:colcon.colcon_core.package_identification:_identify(src) by extensions ['colcon_pkg']
[0.145s] Level 1:colcon.colcon_core.package_identification:_identify(src) by extension 'colcon_pkg'
[0.145s] Level 1:colcon.colcon_core.package_identification:_identify(src) by extensions ['colcon_meta']
[0.145s] Level 1:colcon.colcon_core.package_identification:_identify(src) by extension 'colcon_meta'
[0.145s] Level 1:colcon.colcon_core.package_identification:_identify(src) by extensions ['ros']
[0.145s] Level 1:colcon.colcon_core.package_identification:_identify(src) by extension 'ros'
[0.145s] Level 1:colcon.colcon_core.package_identification:_identify(src) by extensions ['cmake', 'python']
[0.145s] Level 1:colcon.colcon_core.package_identification:_identify(src) by extension 'cmake'
[0.145s] Level 1:colcon.colcon_core.package_identification:_identify(src) by extension 'python'
[0.145s] Level 1:colcon.colcon_core.package_identification:_identify(src) by extensions ['python_setup_py']
[0.145s] Level 1:colcon.colcon_core.package_identification:_identify(src) by extension 'python_setup_py'
[0.145s] Level 1:colcon.colcon_core.package_identification:_identify(src/try) by extensions ['ignore', 'ignore_ament_install']
[0.145s] Level 1:colcon.colcon_core.package_identification:_identify(src/try) by extension 'ignore'
[0.145s] Level 1:colcon.colcon_core.package_identification:_identify(src/try) by extension 'ignore_ament_install'
[0.145s] Level 1:colcon.colcon_core.package_identification:_identify(src/try) by extensions ['colcon_pkg']
[0.145s] Level 1:colcon.colcon_core.package_identification:_identify(src/try) by extension 'colcon_pkg'
[0.145s] Level 1:colcon.colcon_core.package_identification:_identify(src/try) by extensions ['colcon_meta']
[0.145s] Level 1:colcon.colcon_core.package_identification:_identify(src/try) by extension 'colcon_meta'
[0.145s] Level 1:colcon.colcon_core.package_identification:_identify(src/try) by extensions ['ros']
[0.145s] Level 1:colcon.colcon_core.package_identification:_identify(src/try) by extension 'ros'
[0.146s] DEBUG:colcon.colcon_core.package_identification:Failed to parse potential ROS package manifest in'src/try': Error(s) in package 'src/try/package.xml':
The manifest contains invalid XML:
mismatched tag: line 25, column 2
[0.146s] Level 1:colcon.colcon_core.package_identification:_identify(src/try) by extensions ['cmake', 'python']
[0.146s] Level 1:colcon.colcon_core.package_identification:_identify(src/try) by extension 'cmake'
[0.146s] Level 1:colcon.colcon_core.package_identification:_identify(src/try) by extension 'python'
[0.146s] DEBUG:colcon.colcon_core.package_identification:Python package in 'src/try' passes arguments to the setup() function which requires a different identification extension than 'python'
[0.146s] Level 1:colcon.colcon_core.package_identification:_identify(src/try) by extensions ['python_setup_py']
[0.146s] Level 1:colcon.colcon_core.package_identification:_identify(src/try) by extension 'python_setup_py'
[0.314s] DEBUG:colcon.colcon_core.package_identification:Package 'src/try' with type 'python' and name 'try'
[0.314s] Level 1:colcon.colcon_core.package_identification:_identify(src/turtlePack) by extensions ['ignore', 'ignore_ament_install']
[0.314s] Level 1:colcon.colcon_core.package_identification:_identify(src/turtlePack) by extension 'ignore'
[0.314s] Level 1:colcon.colcon_core.package_identification:_identify(src/turtlePack) by extension 'ignore_ament_install'
[0.314s] Level 1:colcon.colcon_core.package_identification:_identify(src/turtlePack) by extensions ['colcon_pkg']
[0.314s] Level 1:colcon.colcon_core.package_identification:_identify(src/turtlePack) by extension 'colcon_pkg'
[0.314s] Level 1:colcon.colcon_core.package_identification:_identify(src/turtlePack) by extensions ['colcon_meta']
[0.314s] Level 1:colcon.colcon_core.package_identification:_identify(src/turtlePack) by extension 'colcon_meta'
[0.314s] Level 1:colcon.colcon_core.package_identification:_identify(src/turtlePack) by extensions ['ros']
[0.314s] Level 1:colcon.colcon_core.package_identification:_identify(src/turtlePack) by extension 'ros'
[0.315s] DEBUG:colcon.colcon_core.package_identification:Failed to parse potential ROS package manifest in'src/turtlePack': Error(s) in package 'src/turtlePack/package.xml':
The manifest contains invalid XML:
mismatched tag: line 24, column 2
[0.315s] Level 1:colcon.colcon_core.package_identification:_identify(src/turtlePack) by extensions ['cmake', 'python']
[0.315s] Level 1:colcon.colcon_core.package_identification:_identify(src/turtlePack) by extension 'cmake'
[0.315s] Level 1:colcon.colcon_core.package_identification:_identify(src/turtlePack) by extension 'python'
[0.315s] DEBUG:colcon.colcon_core.package_identification:Python package in 'src/turtlePack' passes arguments to the setup() function which requires a different identification extension than 'python'
[0.315s] Level 1:colcon.colcon_core.package_identification:_identify(src/turtlePack) by extensions ['python_setup_py']
[0.315s] Level 1:colcon.colcon_core.package_identification:_identify(src/turtlePack) by extension 'python_setup_py'
[0.480s] DEBUG:colcon.colcon_core.package_identification:Package 'src/turtlePack' with type 'python' and name 'turtlePack'
[0.480s] Level 1:colcon.colcon_core.package_discovery:discover_packages(recursive) using defaults
[0.480s] Level 1:colcon.colcon_core.package_discovery:discover_packages(ignore) discover
[0.480s] Level 1:colcon.colcon_core.package_discovery:discover_packages(ignore) using defaults
[0.480s] Level 1:colcon.colcon_core.package_discovery:discover_packages(path) discover
[0.480s] Level 1:colcon.colcon_core.package_discovery:discover_packages(path) using defaults
[0.497s] Level 1:colcon.colcon_core.package_discovery:discover_packages(prefix_path) check parameters
[0.497s] Level 1:colcon.colcon_core.package_discovery:discover_packages(prefix_path) discover
[0.498s] DEBUG:colcon.colcon_installed_package_information.package_discovery:Found 3 installed packages in /home/bxnchxchi/4sem1/ADV-mo/install
[0.499s] DEBUG:colcon.colcon_installed_package_information.package_discovery:Found 274 installed packages in /opt/ros/humble
[0.500s] Level 1:colcon.colcon_core.package_discovery:discover_packages(prefix_path) using defaults
[0.536s] Level 5:colcon.colcon_core.verb:set package 'try' build argument 'cmake_args' from command line to 'None'
[0.536s] Level 5:colcon.colcon_core.verb:set package 'try' build argument 'cmake_target' from command line to 'None'
[0.536s] Level 5:colcon.colcon_core.verb:set package 'try' build argument 'cmake_target_skip_unavailable' from command line to 'False'
[0.536s] Level 5:colcon.colcon_core.verb:set package 'try' build argument 'cmake_clean_cache' from command line to 'False'
[0.536s] Level 5:colcon.colcon_core.verb:set package 'try' build argument 'cmake_clean_first' from command line to 'False'
[0.536s] Level 5:colcon.colcon_core.verb:set package 'try' build argument 'cmake_force_configure' from command line to 'False'
[0.536s] Level 5:colcon.colcon_core.verb:set package 'try' build argument 'ament_cmake_args' from command line to 'None'
[0.536s] Level 5:colcon.colcon_core.verb:set package 'try' build argument 'catkin_cmake_args' from command line to 'None'
[0.536s] Level 5:colcon.colcon_core.verb:set package 'try' build argument 'catkin_skip_building_tests' from command line to 'False'
[0.536s] DEBUG:colcon.colcon_core.verb:Building package 'try' with the following arguments: {'ament_cmake_args': None, 'build_base': '/home/bxnchxchi/4sem1/ADV-mo/build/try', 'catkin_cmake_args': None, 'catkin_skip_building_tests': False, 'cmake_args': None, 'cmake_clean_cache': False, 'cmake_clean_first': False, 'cmake_force_configure': False, 'cmake_target': None, 'cmake_target_skip_unavailable': False, 'install_base': '/home/bxnchxchi/4sem1/ADV-mo/install/try', 'merge_install': False, 'path': '/home/bxnchxchi/4sem1/ADV-mo/src/try', 'symlink_install': False, 'test_result_base': None}
[0.536s] Level 5:colcon.colcon_core.verb:set package 'turtlePack' build argument 'cmake_args' from command line to 'None'
[0.536s] Level 5:colcon.colcon_core.verb:set package 'turtlePack' build argument 'cmake_target' from command line to 'None'
[0.536s] Level 5:colcon.colcon_core.verb:set package 'turtlePack' build argument 'cmake_target_skip_unavailable' from command line to 'False'
[0.536s] Level 5:colcon.colcon_core.verb:set package 'turtlePack' build argument 'cmake_clean_cache' from command line to 'False'
[0.536s] Level 5:colcon.colcon_core.verb:set package 'turtlePack' build argument 'cmake_clean_first' from command line to 'False'
[0.536s] Level 5:colcon.colcon_core.verb:set package 'turtlePack' build argument 'cmake_force_configure' from command line to 'False'
[0.536s] Level 5:colcon.colcon_core.verb:set package 'turtlePack' build argument 'ament_cmake_args' from command line to 'None'
[0.536s] Level 5:colcon.colcon_core.verb:set package 'turtlePack' build argument 'catkin_cmake_args' from command line to 'None'
[0.536s] Level 5:colcon.colcon_core.verb:set package 'turtlePack' build argument 'catkin_skip_building_tests' from command line to 'False'
[0.536s] DEBUG:colcon.colcon_core.verb:Building package 'turtlePack' with the following arguments: {'ament_cmake_args': None, 'build_base': '/home/bxnchxchi/4sem1/ADV-mo/build/turtlePack', 'catkin_cmake_args': None, 'catkin_skip_building_tests': False, 'cmake_args': None, 'cmake_clean_cache': False, 'cmake_clean_first': False, 'cmake_force_configure': False, 'cmake_target': None, 'cmake_target_skip_unavailable': False, 'install_base': '/home/bxnchxchi/4sem1/ADV-mo/install/turtlePack', 'merge_install': False, 'path': '/home/bxnchxchi/4sem1/ADV-mo/src/turtlePack', 'symlink_install': False, 'test_result_base': None}
[0.537s] INFO:colcon.colcon_core.executor:Executing jobs using 'parallel' executor
[0.538s] DEBUG:colcon.colcon_parallel_executor.executor.parallel:run_until_complete
[0.538s] INFO:colcon.colcon_core.task.python.build:Building Python package in '/home/bxnchxchi/4sem1/ADV-mo/src/try'
[0.539s] INFO:colcon.colcon_core.plugin_system:Skipping extension 'colcon_core.shell.bat': Not used on non-Windows systems
[0.540s] INFO:colcon.colcon_core.shell:Skip shell extension 'powershell' for command environment: Not usable outside of PowerShell
[0.540s] DEBUG:colcon.colcon_core.shell:Skip shell extension 'dsv' for command environment
[0.542s] INFO:colcon.colcon_core.task.python.build:Building Python package in '/home/bxnchxchi/4sem1/ADV-mo/src/turtlePack'
[0.542s] INFO:colcon.colcon_core.shell:Skip shell extension 'powershell' for command environment: Not usable outside of PowerShell
[0.542s] DEBUG:colcon.colcon_core.shell:Skip shell extension 'dsv' for command environment
[1.153s] DEBUG:colcon.colcon_core.event_handler.log_command:Invoking command in '/home/bxnchxchi/4sem1/ADV-mo/src/try': PYTHONPATH=/home/bxnchxchi/4sem1/ADV-mo/build/try/prefix_override:/usr/lib/python3/dist-packages/colcon_core/task/python/colcon_distutils_commands:/home/bxnchxchi/4sem1/ADV-mo/install/try/lib/python3.10/site-packages:${PYTHONPATH} /usr/bin/python3 -W ignore:setup.py install is deprecated -W ignore:easy_install command is deprecated setup.py egg_info --egg-base ../../build/try build --build-base /home/bxnchxchi/4sem1/ADV-mo/build/try/build install --record /home/bxnchxchi/4sem1/ADV-mo/build/try/install.log --single-version-externally-managed install_data
[1.331s] DEBUG:colcon.colcon_core.event_handler.log_command:Invoking command in '/home/bxnchxchi/4sem1/ADV-mo/src/turtlePack': PYTHONPATH=/home/bxnchxchi/4sem1/ADV-mo/build/turtlePack/prefix_override:/usr/lib/python3/dist-packages/colcon_core/task/python/colcon_distutils_commands:/home/bxnchxchi/4sem1/ADV-mo/install/turtlePack/lib/python3.10/site-packages:${PYTHONPATH} /usr/bin/python3 -W ignore:setup.py install is deprecated -W ignore:easy_install command is deprecated setup.py egg_info --egg-base ../../build/turtlePack build --build-base /home/bxnchxchi/4sem1/ADV-mo/build/turtlePack/build install --record /home/bxnchxchi/4sem1/ADV-mo/build/turtlePack/install.log --single-version-externally-managed install_data
[1.615s] DEBUG:colcon.colcon_core.event_handler.log_command:Invoked command in '/home/bxnchxchi/4sem1/ADV-mo/src/try' returned '0': PYTHONPATH=/home/bxnchxchi/4sem1/ADV-mo/build/try/prefix_override:/usr/lib/python3/dist-packages/colcon_core/task/python/colcon_distutils_commands:/home/bxnchxchi/4sem1/ADV-mo/install/try/lib/python3.10/site-packages:${PYTHONPATH} /usr/bin/python3 -W ignore:setup.py install is deprecated -W ignore:easy_install command is deprecated setup.py egg_info --egg-base ../../build/try build --build-base /home/bxnchxchi/4sem1/ADV-mo/build/try/build install --record /home/bxnchxchi/4sem1/ADV-mo/build/try/install.log --single-version-externally-managed install_data
[1.617s] Level 1:colcon.colcon_core.environment:checking '/home/bxnchxchi/4sem1/ADV-mo/install/try' for CMake module files
[1.617s] Level 1:colcon.colcon_core.environment:checking '/home/bxnchxchi/4sem1/ADV-mo/install/try' for CMake config files
[1.617s] Level 1:colcon.colcon_core.environment:checking '/home/bxnchxchi/4sem1/ADV-mo/install/try/lib'
[1.618s] Level 1:colcon.colcon_core.environment:checking '/home/bxnchxchi/4sem1/ADV-mo/install/try/bin'
[1.618s] Level 1:colcon.colcon_core.environment:checking '/home/bxnchxchi/4sem1/ADV-mo/install/try/lib/pkgconfig/try.pc'
[1.618s] Level 1:colcon.colcon_core.environment:checking '/home/bxnchxchi/4sem1/ADV-mo/install/try/lib/python3.10/site-packages'
[1.618s] Level 1:colcon.colcon_core.shell:create_environment_hook('try', 'pythonpath')
[1.618s] INFO:colcon.colcon_core.shell:Creating environment hook '/home/bxnchxchi/4sem1/ADV-mo/install/try/share/try/hook/pythonpath.ps1'
[1.618s] INFO:colcon.colcon_core.shell:Creating environment descriptor '/home/bxnchxchi/4sem1/ADV-mo/install/try/share/try/hook/pythonpath.dsv'
[1.619s] INFO:colcon.colcon_core.shell:Creating environment hook '/home/bxnchxchi/4sem1/ADV-mo/install/try/share/try/hook/pythonpath.sh'
[1.619s] Level 1:colcon.colcon_core.environment:checking '/home/bxnchxchi/4sem1/ADV-mo/install/try/bin'
[1.619s] Level 1:colcon.colcon_core.environment:create_environment_scripts_only(try)
[1.620s] INFO:colcon.colcon_core.shell:Creating package script '/home/bxnchxchi/4sem1/ADV-mo/install/try/share/try/package.ps1'
[1.620s] INFO:colcon.colcon_core.shell:Creating package descriptor '/home/bxnchxchi/4sem1/ADV-mo/install/try/share/try/package.dsv'
[1.621s] INFO:colcon.colcon_core.shell:Creating package script '/home/bxnchxchi/4sem1/ADV-mo/install/try/share/try/package.sh'
[1.621s] INFO:colcon.colcon_core.shell:Creating package script '/home/bxnchxchi/4sem1/ADV-mo/install/try/share/try/package.bash'
[1.622s] INFO:colcon.colcon_core.shell:Creating package script '/home/bxnchxchi/4sem1/ADV-mo/install/try/share/try/package.zsh'
[1.622s] Level 1:colcon.colcon_core.environment:create_file_with_runtime_dependencies(/home/bxnchxchi/4sem1/ADV-mo/install/try/share/colcon-core/packages/try)
[1.783s] Level 1:colcon.colcon_core.environment:checking '/home/bxnchxchi/4sem1/ADV-mo/install/turtlePack' for CMake module files
[1.784s] DEBUG:colcon.colcon_core.event_handler.log_command:Invoked command in '/home/bxnchxchi/4sem1/ADV-mo/src/turtlePack' returned '0': PYTHONPATH=/home/bxnchxchi/4sem1/ADV-mo/build/turtlePack/prefix_override:/usr/lib/python3/dist-packages/colcon_core/task/python/colcon_distutils_commands:/home/bxnchxchi/4sem1/ADV-mo/install/turtlePack/lib/python3.10/site-packages:${PYTHONPATH} /usr/bin/python3 -W ignore:setup.py install is deprecated -W ignore:easy_install command is deprecated setup.py egg_info --egg-base ../../build/turtlePack build --build-base /home/bxnchxchi/4sem1/ADV-mo/build/turtlePack/build install --record /home/bxnchxchi/4sem1/ADV-mo/build/turtlePack/install.log --single-version-externally-managed install_data
[1.784s] Level 1:colcon.colcon_core.environment:checking '/home/bxnchxchi/4sem1/ADV-mo/install/turtlePack' for CMake config files
[1.784s] Level 1:colcon.colcon_core.environment:checking '/home/bxnchxchi/4sem1/ADV-mo/install/turtlePack/lib'
[1.784s] Level 1:colcon.colcon_core.environment:checking '/home/bxnchxchi/4sem1/ADV-mo/install/turtlePack/bin'
[1.785s] Level 1:colcon.colcon_core.environment:checking '/home/bxnchxchi/4sem1/ADV-mo/install/turtlePack/lib/pkgconfig/turtlePack.pc'
[1.785s] Level 1:colcon.colcon_core.environment:checking '/home/bxnchxchi/4sem1/ADV-mo/install/turtlePack/lib/python3.10/site-packages'
[1.785s] Level 1:colcon.colcon_core.shell:create_environment_hook('turtlePack', 'pythonpath')
[1.785s] INFO:colcon.colcon_core.shell:Creating environment hook '/home/bxnchxchi/4sem1/ADV-mo/install/turtlePack/share/turtlePack/hook/pythonpath.ps1'
[1.785s] INFO:colcon.colcon_core.shell:Creating environment descriptor '/home/bxnchxchi/4sem1/ADV-mo/install/turtlePack/share/turtlePack/hook/pythonpath.dsv'
[1.786s] INFO:colcon.colcon_core.shell:Creating environment hook '/home/bxnchxchi/4sem1/ADV-mo/install/turtlePack/share/turtlePack/hook/pythonpath.sh'
[1.786s] Level 1:colcon.colcon_core.environment:checking '/home/bxnchxchi/4sem1/ADV-mo/install/turtlePack/bin'
[1.786s] Level 1:colcon.colcon_core.environment:create_environment_scripts_only(turtlePack)
[1.786s] INFO:colcon.colcon_core.shell:Creating package script '/home/bxnchxchi/4sem1/ADV-mo/install/turtlePack/share/turtlePack/package.ps1'
[1.787s] INFO:colcon.colcon_core.shell:Creating package descriptor '/home/bxnchxchi/4sem1/ADV-mo/install/turtlePack/share/turtlePack/package.dsv'
[1.787s] INFO:colcon.colcon_core.shell:Creating package script '/home/bxnchxchi/4sem1/ADV-mo/install/turtlePack/share/turtlePack/package.sh'
[1.787s] INFO:colcon.colcon_core.shell:Creating package script '/home/bxnchxchi/4sem1/ADV-mo/install/turtlePack/share/turtlePack/package.bash'
[1.788s] INFO:colcon.colcon_core.shell:Creating package script '/home/bxnchxchi/4sem1/ADV-mo/install/turtlePack/share/turtlePack/package.zsh'
[1.788s] Level 1:colcon.colcon_core.environment:create_file_with_runtime_dependencies(/home/bxnchxchi/4sem1/ADV-mo/install/turtlePack/share/colcon-core/packages/turtlePack)
[1.788s] DEBUG:colcon.colcon_parallel_executor.executor.parallel:closing loop
[1.788s] DEBUG:colcon.colcon_parallel_executor.executor.parallel:loop closed
[1.789s] DEBUG:colcon.colcon_parallel_executor.executor.parallel:run_until_complete finished with '0'
[1.789s] DEBUG:colcon.colcon_core.event_reactor:joining thread
[1.792s] INFO:colcon.colcon_core.plugin_system:Skipping extension 'colcon_notification.desktop_notification.terminal_notifier': Not used on non-Darwin systems
[1.792s] INFO:colcon.colcon_core.plugin_system:Skipping extension 'colcon_notification.desktop_notification.win32': Not used on non-Windows systems
[1.792s] INFO:colcon.colcon_notification.desktop_notification:Sending desktop notification using 'notify2'
[1.801s] DEBUG:colcon.colcon_core.event_reactor:joined thread
[1.801s] INFO:colcon.colcon_core.shell:Creating prefix script '/home/bxnchxchi/4sem1/ADV-mo/install/local_setup.ps1'
[1.802s] INFO:colcon.colcon_core.shell:Creating prefix util module '/home/bxnchxchi/4sem1/ADV-mo/install/_local_setup_util_ps1.py'
[1.803s] INFO:colcon.colcon_core.shell:Creating prefix chain script '/home/bxnchxchi/4sem1/ADV-mo/install/setup.ps1'
[1.804s] INFO:colcon.colcon_core.shell:Creating prefix script '/home/bxnchxchi/4sem1/ADV-mo/install/local_setup.sh'
[1.804s] INFO:colcon.colcon_core.shell:Creating prefix util module '/home/bxnchxchi/4sem1/ADV-mo/install/_local_setup_util_sh.py'
[1.805s] INFO:colcon.colcon_core.shell:Creating prefix chain script '/home/bxnchxchi/4sem1/ADV-mo/install/setup.sh'
[1.806s] INFO:colcon.colcon_core.shell:Creating prefix script '/home/bxnchxchi/4sem1/ADV-mo/install/local_setup.bash'
[1.806s] INFO:colcon.colcon_core.shell:Creating prefix chain script '/home/bxnchxchi/4sem1/ADV-mo/install/setup.bash'
[1.807s] INFO:colcon.colcon_core.shell:Creating prefix script '/home/bxnchxchi/4sem1/ADV-mo/install/local_setup.zsh'
[1.807s] INFO:colcon.colcon_core.shell:Creating prefix chain script '/home/bxnchxchi/4sem1/ADV-mo/install/setup.zsh'
