[0.720s] Invoking command in '/home/bxnchxchi/4sem1/ADV-mo/src/turtlePack': PYTHONPATH=/home/bxnchxchi/4sem1/ADV-mo/build/turtlePack/prefix_override:/usr/lib/python3/dist-packages/colcon_core/task/python/colcon_distutils_commands:/home/bxnchxchi/4sem1/ADV-mo/install/turtlePack/lib/python3.10/site-packages:${PYTHONPATH} /usr/bin/python3 -W ignore:setup.py install is deprecated -W ignore:easy_install command is deprecated setup.py egg_info --egg-base ../../build/turtlePack build --build-base /home/bxnchxchi/4sem1/ADV-mo/build/turtlePack/build install --record /home/bxnchxchi/4sem1/ADV-mo/build/turtlePack/install.log --single-version-externally-managed install_data
[0.852s] /home/bxnchxchi/.local/lib/python3.10/site-packages/setuptools/_distutils/dist.py:289: UserWarning: Unknown distribution option: 'tests_require'
[0.852s]   warnings.warn(msg)
[0.946s] running egg_info
[0.961s] writing ../../build/turtlePack/turtlePack.egg-info/PKG-INFO
[0.962s] writing dependency_links to ../../build/turtlePack/turtlePack.egg-info/dependency_links.txt
[0.962s] writing entry points to ../../build/turtlePack/turtlePack.egg-info/entry_points.txt
[0.962s] writing requirements to ../../build/turtlePack/turtlePack.egg-info/requires.txt
[0.962s] writing top-level names to ../../build/turtlePack/turtlePack.egg-info/top_level.txt
[0.995s] reading manifest file '../../build/turtlePack/turtlePack.egg-info/SOURCES.txt'
[0.996s] writing manifest file '../../build/turtlePack/turtlePack.egg-info/SOURCES.txt'
[0.996s] running build
[0.996s] running build_py
[0.997s] copying turtlePack/listener.py -> /home/bxnchxchi/4sem1/ADV-mo/build/turtlePack/build/lib/turtlePack
[0.997s] copying turtlePack/turtle_writer.py -> /home/bxnchxchi/4sem1/ADV-mo/build/turtlePack/build/lib/turtlePack
[0.997s] copying turtlePack/talker.py -> /home/bxnchxchi/4sem1/ADV-mo/build/turtlePack/build/lib/turtlePack
[0.997s] copying turtlePack/pen_writer_teleport.py -> /home/bxnchxchi/4sem1/ADV-mo/build/turtlePack/build/lib/turtlePack
[0.998s] copying turtlePack/__init__.py -> /home/bxnchxchi/4sem1/ADV-mo/build/turtlePack/build/lib/turtlePack
[0.998s] copying turtlePack/pen_writer.py -> /home/bxnchxchi/4sem1/ADV-mo/build/turtlePack/build/lib/turtlePack
[0.998s] copying turtlePack/turtle_circle.py -> /home/bxnchxchi/4sem1/ADV-mo/build/turtlePack/build/lib/turtlePack
[0.998s] copying turtlePack/adder_server.py -> /home/bxnchxchi/4sem1/ADV-mo/build/turtlePack/build/lib/turtlePack
[0.999s] running install
[1.002s] running install_lib
[1.018s] copying /home/bxnchxchi/4sem1/ADV-mo/build/turtlePack/build/lib/turtlePack/pen_writer_teleport.py -> /home/bxnchxchi/4sem1/ADV-mo/install/turtlePack/lib/python3.10/site-packages/turtlePack
[1.018s] copying /home/bxnchxchi/4sem1/ADV-mo/build/turtlePack/build/lib/turtlePack/pen_writer.py -> /home/bxnchxchi/4sem1/ADV-mo/install/turtlePack/lib/python3.10/site-packages/turtlePack
[1.019s] byte-compiling /home/bxnchxchi/4sem1/ADV-mo/install/turtlePack/lib/python3.10/site-packages/turtlePack/pen_writer_teleport.py to pen_writer_teleport.cpython-310.pyc
[1.020s] byte-compiling /home/bxnchxchi/4sem1/ADV-mo/install/turtlePack/lib/python3.10/site-packages/turtlePack/pen_writer.py to pen_writer.cpython-310.pyc
[1.020s] running install_data
[1.021s] copying resource/turtlePack -> /home/bxnchxchi/4sem1/ADV-mo/install/turtlePack/share/ament_index/resource_index/packages
[1.021s] copying package.xml -> /home/bxnchxchi/4sem1/ADV-mo/install/turtlePack/share/turtlePack
[1.021s] copying launch/write_launch.py -> /home/bxnchxchi/4sem1/ADV-mo/install/turtlePack/share/turtlePack/launch
[1.022s] running install_egg_info
[1.038s] removing '/home/bxnchxchi/4sem1/ADV-mo/install/turtlePack/lib/python3.10/site-packages/turtlePack-0.0.0-py3.10.egg-info' (and everything under it)
[1.038s] Copying ../../build/turtlePack/turtlePack.egg-info to /home/bxnchxchi/4sem1/ADV-mo/install/turtlePack/lib/python3.10/site-packages/turtlePack-0.0.0-py3.10.egg-info
[1.039s] running install_scripts
[1.162s] Installing adder_server script to /home/bxnchxchi/4sem1/ADV-mo/install/turtlePack/lib/turtlePack
[1.162s] Installing listener script to /home/bxnchxchi/4sem1/ADV-mo/install/turtlePack/lib/turtlePack
[1.162s] Installing pen_writer script to /home/bxnchxchi/4sem1/ADV-mo/install/turtlePack/lib/turtlePack
[1.162s] Installing talker script to /home/bxnchxchi/4sem1/ADV-mo/install/turtlePack/lib/turtlePack
[1.162s] Installing turtle_circle script to /home/bxnchxchi/4sem1/ADV-mo/install/turtlePack/lib/turtlePack
[1.162s] Installing turtle_writer script to /home/bxnchxchi/4sem1/ADV-mo/install/turtlePack/lib/turtlePack
[1.163s] writing list of installed files to '/home/bxnchxchi/4sem1/ADV-mo/build/turtlePack/install.log'
[1.186s] Invoked command in '/home/bxnchxchi/4sem1/ADV-mo/src/turtlePack' returned '0': PYTHONPATH=/home/bxnchxchi/4sem1/ADV-mo/build/turtlePack/prefix_override:/usr/lib/python3/dist-packages/colcon_core/task/python/colcon_distutils_commands:/home/bxnchxchi/4sem1/ADV-mo/install/turtlePack/lib/python3.10/site-packages:${PYTHONPATH} /usr/bin/python3 -W ignore:setup.py install is deprecated -W ignore:easy_install command is deprecated setup.py egg_info --egg-base ../../build/turtlePack build --build-base /home/bxnchxchi/4sem1/ADV-mo/build/turtlePack/build install --record /home/bxnchxchi/4sem1/ADV-mo/build/turtlePack/install.log --single-version-externally-managed install_data
