/home/bxnchxchi/.local/lib/python3.10/site-packages/setuptools/_distutils/dist.py:289: UserWarning: Unknown distribution option: 'tests_require'
  warnings.warn(msg)
running egg_info
writing ../../build/turtlePack/turtlePack.egg-info/PKG-INFO
writing dependency_links to ../../build/turtlePack/turtlePack.egg-info/dependency_links.txt
writing entry points to ../../build/turtlePack/turtlePack.egg-info/entry_points.txt
writing requirements to ../../build/turtlePack/turtlePack.egg-info/requires.txt
writing top-level names to ../../build/turtlePack/turtlePack.egg-info/top_level.txt
reading manifest file '../../build/turtlePack/turtlePack.egg-info/SOURCES.txt'
writing manifest file '../../build/turtlePack/turtlePack.egg-info/SOURCES.txt'
running build
running build_py
copying turtlePack/listener.py -> /home/bxnchxchi/4sem1/ADV-mo/build/turtlePack/build/lib/turtlePack
copying turtlePack/turtle_writer.py -> /home/bxnchxchi/4sem1/ADV-mo/build/turtlePack/build/lib/turtlePack
copying turtlePack/talker.py -> /home/bxnchxchi/4sem1/ADV-mo/build/turtlePack/build/lib/turtlePack
copying turtlePack/pen_writer_teleport.py -> /home/bxnchxchi/4sem1/ADV-mo/build/turtlePack/build/lib/turtlePack
copying turtlePack/write_launch.py -> /home/bxnchxchi/4sem1/ADV-mo/build/turtlePack/build/lib/turtlePack
copying turtlePack/__init__.py -> /home/bxnchxchi/4sem1/ADV-mo/build/turtlePack/build/lib/turtlePack
copying turtlePack/pen_writer.py -> /home/bxnchxchi/4sem1/ADV-mo/build/turtlePack/build/lib/turtlePack
copying turtlePack/turtle_circle.py -> /home/bxnchxchi/4sem1/ADV-mo/build/turtlePack/build/lib/turtlePack
copying turtlePack/adder_server.py -> /home/bxnchxchi/4sem1/ADV-mo/build/turtlePack/build/lib/turtlePack
running install
running install_lib
copying /home/bxnchxchi/4sem1/ADV-mo/build/turtlePack/build/lib/turtlePack/pen_writer_teleport.py -> /home/bxnchxchi/4sem1/ADV-mo/install/turtlePack/lib/python3.10/site-packages/turtlePack
copying /home/bxnchxchi/4sem1/ADV-mo/build/turtlePack/build/lib/turtlePack/write_launch.py -> /home/bxnchxchi/4sem1/ADV-mo/install/turtlePack/lib/python3.10/site-packages/turtlePack
byte-compiling /home/bxnchxchi/4sem1/ADV-mo/install/turtlePack/lib/python3.10/site-packages/turtlePack/pen_writer_teleport.py to pen_writer_teleport.cpython-310.pyc
byte-compiling /home/bxnchxchi/4sem1/ADV-mo/install/turtlePack/lib/python3.10/site-packages/turtlePack/write_launch.py to write_launch.cpython-310.pyc
running install_data
copying resource/turtlePack -> /home/bxnchxchi/4sem1/ADV-mo/install/turtlePack/share/ament_index/resource_index/packages
copying package.xml -> /home/bxnchxchi/4sem1/ADV-mo/install/turtlePack/share/turtlePack
copying launch/write_launch.py -> /home/bxnchxchi/4sem1/ADV-mo/install/turtlePack/share/turtlePack/launch
running install_egg_info
removing '/home/bxnchxchi/4sem1/ADV-mo/install/turtlePack/lib/python3.10/site-packages/turtlePack-0.0.0-py3.10.egg-info' (and everything under it)
Copying ../../build/turtlePack/turtlePack.egg-info to /home/bxnchxchi/4sem1/ADV-mo/install/turtlePack/lib/python3.10/site-packages/turtlePack-0.0.0-py3.10.egg-info
running install_scripts
Installing adder_server script to /home/bxnchxchi/4sem1/ADV-mo/install/turtlePack/lib/turtlePack
Installing listener script to /home/bxnchxchi/4sem1/ADV-mo/install/turtlePack/lib/turtlePack
Installing pen_writer script to /home/bxnchxchi/4sem1/ADV-mo/install/turtlePack/lib/turtlePack
Installing pen_writer_teleport script to /home/bxnchxchi/4sem1/ADV-mo/install/turtlePack/lib/turtlePack
Installing talker script to /home/bxnchxchi/4sem1/ADV-mo/install/turtlePack/lib/turtlePack
Installing turtle_circle script to /home/bxnchxchi/4sem1/ADV-mo/install/turtlePack/lib/turtlePack
Installing turtle_writer script to /home/bxnchxchi/4sem1/ADV-mo/install/turtlePack/lib/turtlePack
writing list of installed files to '/home/bxnchxchi/4sem1/ADV-mo/build/turtlePack/install.log'
