[0.801s] Invoking command in '/home/bxnchxchi/4sem1/ADV-mo/try': PYTHONPATH=/home/bxnchxchi/4sem1/ADV-mo/build/try/prefix_override:/usr/lib/python3/dist-packages/colcon_core/task/python/colcon_distutils_commands:/home/bxnchxchi/4sem1/ADV-mo/install/try/lib/python3.10/site-packages:${PYTHONPATH} /usr/bin/python3 -W ignore:setup.py install is deprecated -W ignore:easy_install command is deprecated setup.py egg_info --egg-base ../build/try build --build-base /home/bxnchxchi/4sem1/ADV-mo/build/try/build install --record /home/bxnchxchi/4sem1/ADV-mo/build/try/install.log --single-version-externally-managed install_data
[0.930s] /home/bxnchxchi/.local/lib/python3.10/site-packages/setuptools/_distutils/dist.py:289: UserWarning: Unknown distribution option: 'tests_require'
[0.931s]   warnings.warn(msg)
[1.020s] running egg_info
[1.036s] writing ../build/try/try.egg-info/PKG-INFO
[1.036s] writing dependency_links to ../build/try/try.egg-info/dependency_links.txt
[1.037s] writing entry points to ../build/try/try.egg-info/entry_points.txt
[1.037s] writing requirements to ../build/try/try.egg-info/requires.txt
[1.037s] writing top-level names to ../build/try/try.egg-info/top_level.txt
[1.069s] reading manifest file '../build/try/try.egg-info/SOURCES.txt'
[1.071s] writing manifest file '../build/try/try.egg-info/SOURCES.txt'
[1.071s] running build
[1.071s] running build_py
[1.071s] copying try/listener.py -> /home/bxnchxchi/4sem1/ADV-mo/build/try/build/lib/try
[1.071s] copying try/turtle_writer.py -> /home/bxnchxchi/4sem1/ADV-mo/build/try/build/lib/try
[1.072s] copying try/talker.py -> /home/bxnchxchi/4sem1/ADV-mo/build/try/build/lib/try
[1.072s] copying try/__init__.py -> /home/bxnchxchi/4sem1/ADV-mo/build/try/build/lib/try
[1.072s] copying try/pen_writer.py -> /home/bxnchxchi/4sem1/ADV-mo/build/try/build/lib/try
[1.072s] copying try/turtle_circle.py -> /home/bxnchxchi/4sem1/ADV-mo/build/try/build/lib/try
[1.072s] copying try/adder_server.py -> /home/bxnchxchi/4sem1/ADV-mo/build/try/build/lib/try
[1.073s] running install
[1.076s] running install_lib
[1.092s] copying /home/bxnchxchi/4sem1/ADV-mo/build/try/build/lib/try/listener.py -> /home/bxnchxchi/4sem1/ADV-mo/install/try/lib/python3.10/site-packages/try
[1.092s] copying /home/bxnchxchi/4sem1/ADV-mo/build/try/build/lib/try/turtle_writer.py -> /home/bxnchxchi/4sem1/ADV-mo/install/try/lib/python3.10/site-packages/try
[1.092s] copying /home/bxnchxchi/4sem1/ADV-mo/build/try/build/lib/try/pen_writer.py -> /home/bxnchxchi/4sem1/ADV-mo/install/try/lib/python3.10/site-packages/try
[1.093s] copying /home/bxnchxchi/4sem1/ADV-mo/build/try/build/lib/try/turtle_circle.py -> /home/bxnchxchi/4sem1/ADV-mo/install/try/lib/python3.10/site-packages/try
[1.093s] copying /home/bxnchxchi/4sem1/ADV-mo/build/try/build/lib/try/adder_server.py -> /home/bxnchxchi/4sem1/ADV-mo/install/try/lib/python3.10/site-packages/try
[1.093s] byte-compiling /home/bxnchxchi/4sem1/ADV-mo/install/try/lib/python3.10/site-packages/try/listener.py to listener.cpython-310.pyc
[1.094s] byte-compiling /home/bxnchxchi/4sem1/ADV-mo/install/try/lib/python3.10/site-packages/try/turtle_writer.py to turtle_writer.cpython-310.pyc
[1.094s] byte-compiling /home/bxnchxchi/4sem1/ADV-mo/install/try/lib/python3.10/site-packages/try/pen_writer.py to pen_writer.cpython-310.pyc
[1.095s] byte-compiling /home/bxnchxchi/4sem1/ADV-mo/install/try/lib/python3.10/site-packages/try/turtle_circle.py to turtle_circle.cpython-310.pyc
[1.096s] byte-compiling /home/bxnchxchi/4sem1/ADV-mo/install/try/lib/python3.10/site-packages/try/adder_server.py to adder_server.cpython-310.pyc
[1.096s] running install_data
[1.096s] copying resource/try -> /home/bxnchxchi/4sem1/ADV-mo/install/try/share/ament_index/resource_index/packages
[1.096s] copying package.xml -> /home/bxnchxchi/4sem1/ADV-mo/install/try/share/try
[1.097s] running install_egg_info
[1.113s] removing '/home/bxnchxchi/4sem1/ADV-mo/install/try/lib/python3.10/site-packages/try-0.0.0-py3.10.egg-info' (and everything under it)
[1.114s] Copying ../build/try/try.egg-info to /home/bxnchxchi/4sem1/ADV-mo/install/try/lib/python3.10/site-packages/try-0.0.0-py3.10.egg-info
[1.114s] running install_scripts
[1.235s] Installing adder_server script to /home/bxnchxchi/4sem1/ADV-mo/install/try/lib/try
[1.235s] Installing listener script to /home/bxnchxchi/4sem1/ADV-mo/install/try/lib/try
[1.235s] Installing pen_writer script to /home/bxnchxchi/4sem1/ADV-mo/install/try/lib/try
[1.235s] Installing talker script to /home/bxnchxchi/4sem1/ADV-mo/install/try/lib/try
[1.235s] Installing turtle_circle script to /home/bxnchxchi/4sem1/ADV-mo/install/try/lib/try
[1.236s] Installing turtle_writer script to /home/bxnchxchi/4sem1/ADV-mo/install/try/lib/try
[1.236s] writing list of installed files to '/home/bxnchxchi/4sem1/ADV-mo/build/try/install.log'
[1.261s] Invoked command in '/home/bxnchxchi/4sem1/ADV-mo/try' returned '0': PYTHONPATH=/home/bxnchxchi/4sem1/ADV-mo/build/try/prefix_override:/usr/lib/python3/dist-packages/colcon_core/task/python/colcon_distutils_commands:/home/bxnchxchi/4sem1/ADV-mo/install/try/lib/python3.10/site-packages:${PYTHONPATH} /usr/bin/python3 -W ignore:setup.py install is deprecated -W ignore:easy_install command is deprecated setup.py egg_info --egg-base ../build/try build --build-base /home/bxnchxchi/4sem1/ADV-mo/build/try/build install --record /home/bxnchxchi/4sem1/ADV-mo/build/try/install.log --single-version-externally-managed install_data
