[0.615s] Invoking command in '/home/bxnchxchi/4sem1/ADV-mo/src/try': PYTHONPATH=/home/bxnchxchi/4sem1/ADV-mo/build/try/prefix_override:/usr/lib/python3/dist-packages/colcon_core/task/python/colcon_distutils_commands:/home/bxnchxchi/4sem1/ADV-mo/install/try/lib/python3.10/site-packages:${PYTHONPATH} /usr/bin/python3 -W ignore:setup.py install is deprecated -W ignore:easy_install command is deprecated setup.py egg_info --egg-base ../../build/try build --build-base /home/bxnchxchi/4sem1/ADV-mo/build/try/build install --record /home/bxnchxchi/4sem1/ADV-mo/build/try/install.log --single-version-externally-managed install_data
[0.742s] /home/bxnchxchi/.local/lib/python3.10/site-packages/setuptools/_distutils/dist.py:289: UserWarning: Unknown distribution option: 'tests_require'
[0.742s]   warnings.warn(msg)
[0.836s] running egg_info
[0.851s] writing ../../build/try/try.egg-info/PKG-INFO
[0.851s] writing dependency_links to ../../build/try/try.egg-info/dependency_links.txt
[0.852s] writing entry points to ../../build/try/try.egg-info/entry_points.txt
[0.852s] writing requirements to ../../build/try/try.egg-info/requires.txt
[0.852s] writing top-level names to ../../build/try/try.egg-info/top_level.txt
[0.883s] reading manifest file '../../build/try/try.egg-info/SOURCES.txt'
[0.885s] writing manifest file '../../build/try/try.egg-info/SOURCES.txt'
[0.885s] running build
[0.885s] running build_py
[0.885s] copying try/listener.py -> /home/bxnchxchi/4sem1/ADV-mo/build/try/build/lib/try
[0.885s] copying try/talker.py -> /home/bxnchxchi/4sem1/ADV-mo/build/try/build/lib/try
[0.886s] copying try/__init__.py -> /home/bxnchxchi/4sem1/ADV-mo/build/try/build/lib/try
[0.886s] running install
[0.890s] running install_lib
[0.906s] running install_data
[0.906s] copying resource/try -> /home/bxnchxchi/4sem1/ADV-mo/install/try/share/ament_index/resource_index/packages
[0.906s] copying package.xml -> /home/bxnchxchi/4sem1/ADV-mo/install/try/share/try
[0.907s] running install_egg_info
[0.923s] removing '/home/bxnchxchi/4sem1/ADV-mo/install/try/lib/python3.10/site-packages/try-0.0.0-py3.10.egg-info' (and everything under it)
[0.923s] Copying ../../build/try/try.egg-info to /home/bxnchxchi/4sem1/ADV-mo/install/try/lib/python3.10/site-packages/try-0.0.0-py3.10.egg-info
[0.924s] running install_scripts
[1.054s] Installing listener script to /home/bxnchxchi/4sem1/ADV-mo/install/try/lib/try
[1.054s] Installing talker script to /home/bxnchxchi/4sem1/ADV-mo/install/try/lib/try
[1.054s] writing list of installed files to '/home/bxnchxchi/4sem1/ADV-mo/build/try/install.log'
[1.077s] Invoked command in '/home/bxnchxchi/4sem1/ADV-mo/src/try' returned '0': PYTHONPATH=/home/bxnchxchi/4sem1/ADV-mo/build/try/prefix_override:/usr/lib/python3/dist-packages/colcon_core/task/python/colcon_distutils_commands:/home/bxnchxchi/4sem1/ADV-mo/install/try/lib/python3.10/site-packages:${PYTHONPATH} /usr/bin/python3 -W ignore:setup.py install is deprecated -W ignore:easy_install command is deprecated setup.py egg_info --egg-base ../../build/try build --build-base /home/bxnchxchi/4sem1/ADV-mo/build/try/build install --record /home/bxnchxchi/4sem1/ADV-mo/build/try/install.log --single-version-externally-managed install_data
