[0.745s] Invoking command in '/home/bxnchxchi/4sem1/ADV-mo/src/package_try': PYTHONPATH=/home/bxnchxchi/4sem1/ADV-mo/build/package_try/prefix_override:/usr/lib/python3/dist-packages/colcon_core/task/python/colcon_distutils_commands:/home/bxnchxchi/4sem1/ADV-mo/install/package_try/lib/python3.10/site-packages:${PYTHONPATH} /usr/bin/python3 -W ignore:setup.py install is deprecated -W ignore:easy_install command is deprecated setup.py egg_info --egg-base ../../build/package_try build --build-base /home/bxnchxchi/4sem1/ADV-mo/build/package_try/build install --record /home/bxnchxchi/4sem1/ADV-mo/build/package_try/install.log --single-version-externally-managed install_data
[0.900s] /home/bxnchxchi/.local/lib/python3.10/site-packages/setuptools/_distutils/dist.py:289: UserWarning: Unknown distribution option: 'tests_require'
[0.900s]   warnings.warn(msg)
[1.005s] running egg_info
[1.022s] writing ../../build/package_try/package_try.egg-info/PKG-INFO
[1.023s] writing dependency_links to ../../build/package_try/package_try.egg-info/dependency_links.txt
[1.023s] writing requirements to ../../build/package_try/package_try.egg-info/requires.txt
[1.023s] writing top-level names to ../../build/package_try/package_try.egg-info/top_level.txt
[1.062s] reading manifest file '../../build/package_try/package_try.egg-info/SOURCES.txt'
[1.064s] writing manifest file '../../build/package_try/package_try.egg-info/SOURCES.txt'
[1.064s] running build
[1.064s] running build_py
[1.064s] copying package_try/__init__.py -> /home/bxnchxchi/4sem1/ADV-mo/build/package_try/build/lib/package_try
[1.065s] running install
[1.070s] running install_lib
[1.088s] running install_data
[1.088s] copying resource/package_try -> /home/bxnchxchi/4sem1/ADV-mo/install/package_try/share/ament_index/resource_index/packages
[1.089s] copying package.xml -> /home/bxnchxchi/4sem1/ADV-mo/install/package_try/share/package_try
[1.089s] running install_egg_info
[1.107s] removing '/home/bxnchxchi/4sem1/ADV-mo/install/package_try/lib/python3.10/site-packages/package_try-0.0.0-py3.10.egg-info' (and everything under it)
[1.107s] Copying ../../build/package_try/package_try.egg-info to /home/bxnchxchi/4sem1/ADV-mo/install/package_try/lib/python3.10/site-packages/package_try-0.0.0-py3.10.egg-info
[1.108s] running install_scripts
[1.254s] writing list of installed files to '/home/bxnchxchi/4sem1/ADV-mo/build/package_try/install.log'
[1.279s] Invoked command in '/home/bxnchxchi/4sem1/ADV-mo/src/package_try' returned '0': PYTHONPATH=/home/bxnchxchi/4sem1/ADV-mo/build/package_try/prefix_override:/usr/lib/python3/dist-packages/colcon_core/task/python/colcon_distutils_commands:/home/bxnchxchi/4sem1/ADV-mo/install/package_try/lib/python3.10/site-packages:${PYTHONPATH} /usr/bin/python3 -W ignore:setup.py install is deprecated -W ignore:easy_install command is deprecated setup.py egg_info --egg-base ../../build/package_try build --build-base /home/bxnchxchi/4sem1/ADV-mo/build/package_try/build install --record /home/bxnchxchi/4sem1/ADV-mo/build/package_try/install.log --single-version-externally-managed install_data
