running egg_info
creating ../../build/try/try.egg-info
writing ../../build/try/try.egg-info/PKG-INFO
writing dependency_links to ../../build/try/try.egg-info/dependency_links.txt
writing requirements to ../../build/try/try.egg-info/requires.txt
writing top-level names to ../../build/try/try.egg-info/top_level.txt
writing manifest file '../../build/try/try.egg-info/SOURCES.txt'
reading manifest file '../../build/try/try.egg-info/SOURCES.txt'
writing manifest file '../../build/try/try.egg-info/SOURCES.txt'
running build
running build_py
creating /home/bxnchxchi/4sem1/ADV-mo/build/try/build/lib/try
copying try/__init__.py -> /home/bxnchxchi/4sem1/ADV-mo/build/try/build/lib/try
running install
running install_lib
creating /home/bxnchxchi/4sem1/ADV-mo/install/try/lib/python3.10/site-packages/try
copying /home/bxnchxchi/4sem1/ADV-mo/build/try/build/lib/try/__init__.py -> /home/bxnchxchi/4sem1/ADV-mo/install/try/lib/python3.10/site-packages/try
byte-compiling /home/bxnchxchi/4sem1/ADV-mo/install/try/lib/python3.10/site-packages/try/__init__.py to __init__.cpython-310.pyc
running install_data
creating /home/bxnchxchi/4sem1/ADV-mo/install/try/share/ament_index/resource_index/packages
copying resource/try -> /home/bxnchxchi/4sem1/ADV-mo/install/try/share/ament_index/resource_index/packages
copying package.xml -> /home/bxnchxchi/4sem1/ADV-mo/install/try/share/try
running install_egg_info
Copying ../../build/try/try.egg-info to /home/bxnchxchi/4sem1/ADV-mo/install/try/lib/python3.10/site-packages/try-0.0.0-py3.10.egg-info
running install_scripts
writing list of installed files to '/home/bxnchxchi/4sem1/ADV-mo/build/try/install.log'
