[0.786s] Invoking command in '/home/bxnchxchi/4sem1/ADV-mo/src/try': PYTHONPATH=/home/bxnchxchi/4sem1/ADV-mo/build/try/prefix_override:/usr/lib/python3/dist-packages/colcon_core/task/python/colcon_distutils_commands:/home/bxnchxchi/4sem1/ADV-mo/install/try/lib/python3.10/site-packages:${PYTHONPATH} /usr/bin/python3 -W ignore:setup.py install is deprecated -W ignore:easy_install command is deprecated setup.py egg_info --egg-base ../../build/try build --build-base /home/bxnchxchi/4sem1/ADV-mo/build/try/build install --record /home/bxnchxchi/4sem1/ADV-mo/build/try/install.log --single-version-externally-managed install_data
[0.914s] /home/bxnchxchi/.local/lib/python3.10/site-packages/setuptools/_distutils/dist.py:289: UserWarning: Unknown distribution option: 'tests_require'
[0.914s]   warnings.warn(msg)
[1.006s] running egg_info
[1.021s] creating ../../build/try/try.egg-info
[1.021s] writing ../../build/try/try.egg-info/PKG-INFO
[1.022s] writing dependency_links to ../../build/try/try.egg-info/dependency_links.txt
[1.022s] writing requirements to ../../build/try/try.egg-info/requires.txt
[1.022s] writing top-level names to ../../build/try/try.egg-info/top_level.txt
[1.022s] writing manifest file '../../build/try/try.egg-info/SOURCES.txt'
[1.054s] reading manifest file '../../build/try/try.egg-info/SOURCES.txt'
[1.055s] writing manifest file '../../build/try/try.egg-info/SOURCES.txt'
[1.055s] running build
[1.056s] running build_py
[1.056s] creating /home/bxnchxchi/4sem1/ADV-mo/build/try/build/lib/try
[1.056s] copying try/__init__.py -> /home/bxnchxchi/4sem1/ADV-mo/build/try/build/lib/try
[1.056s] running install
[1.060s] running install_lib
[1.075s] creating /home/bxnchxchi/4sem1/ADV-mo/install/try/lib/python3.10/site-packages/try
[1.075s] copying /home/bxnchxchi/4sem1/ADV-mo/build/try/build/lib/try/__init__.py -> /home/bxnchxchi/4sem1/ADV-mo/install/try/lib/python3.10/site-packages/try
[1.076s] byte-compiling /home/bxnchxchi/4sem1/ADV-mo/install/try/lib/python3.10/site-packages/try/__init__.py to __init__.cpython-310.pyc
[1.076s] running install_data
[1.076s] creating /home/bxnchxchi/4sem1/ADV-mo/install/try/share/ament_index/resource_index/packages
[1.077s] copying resource/try -> /home/bxnchxchi/4sem1/ADV-mo/install/try/share/ament_index/resource_index/packages
[1.077s] copying package.xml -> /home/bxnchxchi/4sem1/ADV-mo/install/try/share/try
[1.077s] running install_egg_info
[1.093s] Copying ../../build/try/try.egg-info to /home/bxnchxchi/4sem1/ADV-mo/install/try/lib/python3.10/site-packages/try-0.0.0-py3.10.egg-info
[1.094s] running install_scripts
[1.213s] writing list of installed files to '/home/bxnchxchi/4sem1/ADV-mo/build/try/install.log'
[1.239s] Invoked command in '/home/bxnchxchi/4sem1/ADV-mo/src/try' returned '0': PYTHONPATH=/home/bxnchxchi/4sem1/ADV-mo/build/try/prefix_override:/usr/lib/python3/dist-packages/colcon_core/task/python/colcon_distutils_commands:/home/bxnchxchi/4sem1/ADV-mo/install/try/lib/python3.10/site-packages:${PYTHONPATH} /usr/bin/python3 -W ignore:setup.py install is deprecated -W ignore:easy_install command is deprecated setup.py egg_info --egg-base ../../build/try build --build-base /home/bxnchxchi/4sem1/ADV-mo/build/try/build install --record /home/bxnchxchi/4sem1/ADV-mo/build/try/install.log --single-version-externally-managed install_data
