running egg_info
creating ../../build/turtlePack/turtlePack.egg-info
writing ../../build/turtlePack/turtlePack.egg-info/PKG-INFO
writing dependency_links to ../../build/turtlePack/turtlePack.egg-info/dependency_links.txt
writing entry points to ../../build/turtlePack/turtlePack.egg-info/entry_points.txt
writing requirements to ../../build/turtlePack/turtlePack.egg-info/requires.txt
writing top-level names to ../../build/turtlePack/turtlePack.egg-info/top_level.txt
writing manifest file '../../build/turtlePack/turtlePack.egg-info/SOURCES.txt'
reading manifest file '../../build/turtlePack/turtlePack.egg-info/SOURCES.txt'
writing manifest file '../../build/turtlePack/turtlePack.egg-info/SOURCES.txt'
running build
running build_py
creating /home/bxnchxchi/4sem1/ADV-mo/build/turtlePack/build/lib/turtlePack
copying turtlePack/listener.py -> /home/bxnchxchi/4sem1/ADV-mo/build/turtlePack/build/lib/turtlePack
copying turtlePack/turtle_writer.py -> /home/bxnchxchi/4sem1/ADV-mo/build/turtlePack/build/lib/turtlePack
copying turtlePack/talker.py -> /home/bxnchxchi/4sem1/ADV-mo/build/turtlePack/build/lib/turtlePack
copying turtlePack/__init__.py -> /home/bxnchxchi/4sem1/ADV-mo/build/turtlePack/build/lib/turtlePack
copying turtlePack/turtle_circle.py -> /home/bxnchxchi/4sem1/ADV-mo/build/turtlePack/build/lib/turtlePack
running install
running install_lib
creating /home/bxnchxchi/4sem1/ADV-mo/install/turtlePack/lib/python3.10/site-packages/turtlePack
copying /home/bxnchxchi/4sem1/ADV-mo/build/turtlePack/build/lib/turtlePack/listener.py -> /home/bxnchxchi/4sem1/ADV-mo/install/turtlePack/lib/python3.10/site-packages/turtlePack
copying /home/bxnchxchi/4sem1/ADV-mo/build/turtlePack/build/lib/turtlePack/turtle_writer.py -> /home/bxnchxchi/4sem1/ADV-mo/install/turtlePack/lib/python3.10/site-packages/turtlePack
copying /home/bxnchxchi/4sem1/ADV-mo/build/turtlePack/build/lib/turtlePack/talker.py -> /home/bxnchxchi/4sem1/ADV-mo/install/turtlePack/lib/python3.10/site-packages/turtlePack
copying /home/bxnchxchi/4sem1/ADV-mo/build/turtlePack/build/lib/turtlePack/__init__.py -> /home/bxnchxchi/4sem1/ADV-mo/install/turtlePack/lib/python3.10/site-packages/turtlePack
copying /home/bxnchxchi/4sem1/ADV-mo/build/turtlePack/build/lib/turtlePack/turtle_circle.py -> /home/bxnchxchi/4sem1/ADV-mo/install/turtlePack/lib/python3.10/site-packages/turtlePack
byte-compiling /home/bxnchxchi/4sem1/ADV-mo/install/turtlePack/lib/python3.10/site-packages/turtlePack/listener.py to listener.cpython-310.pyc
byte-compiling /home/bxnchxchi/4sem1/ADV-mo/install/turtlePack/lib/python3.10/site-packages/turtlePack/turtle_writer.py to turtle_writer.cpython-310.pyc
byte-compiling /home/bxnchxchi/4sem1/ADV-mo/install/turtlePack/lib/python3.10/site-packages/turtlePack/talker.py to talker.cpython-310.pyc
byte-compiling /home/bxnchxchi/4sem1/ADV-mo/install/turtlePack/lib/python3.10/site-packages/turtlePack/__init__.py to __init__.cpython-310.pyc
byte-compiling /home/bxnchxchi/4sem1/ADV-mo/install/turtlePack/lib/python3.10/site-packages/turtlePack/turtle_circle.py to turtle_circle.cpython-310.pyc
running install_data
creating /home/bxnchxchi/4sem1/ADV-mo/install/turtlePack/share/ament_index/resource_index/packages
copying resource/turtlePack -> /home/bxnchxchi/4sem1/ADV-mo/install/turtlePack/share/ament_index/resource_index/packages
copying package.xml -> /home/bxnchxchi/4sem1/ADV-mo/install/turtlePack/share/turtlePack
running install_egg_info
Copying ../../build/turtlePack/turtlePack.egg-info to /home/bxnchxchi/4sem1/ADV-mo/install/turtlePack/lib/python3.10/site-packages/turtlePack-0.0.0-py3.10.egg-info
running install_scripts
Installing talker script to /home/bxnchxchi/4sem1/ADV-mo/install/turtlePack/lib/turtlePack
writing list of installed files to '/home/bxnchxchi/4sem1/ADV-mo/build/turtlePack/install.log'
