/home/bxnchxchi/.local/lib/python3.10/site-packages/setuptools/_distutils/dist.py:289: UserWarning: Unknown distribution option: 'tests_require'
  warnings.warn(msg)
running egg_info
creating ../../build/package_try/package_try.egg-info
writing ../../build/package_try/package_try.egg-info/PKG-INFO
writing dependency_links to ../../build/package_try/package_try.egg-info/dependency_links.txt
writing requirements to ../../build/package_try/package_try.egg-info/requires.txt
writing top-level names to ../../build/package_try/package_try.egg-info/top_level.txt
writing manifest file '../../build/package_try/package_try.egg-info/SOURCES.txt'
reading manifest file '../../build/package_try/package_try.egg-info/SOURCES.txt'
writing manifest file '../../build/package_try/package_try.egg-info/SOURCES.txt'
running build
running build_py
creating /home/bxnchxchi/4sem1/ADV-mo/build/package_try/build/lib/package_try
copying package_try/listener.py -> /home/bxnchxchi/4sem1/ADV-mo/build/package_try/build/lib/package_try
copying package_try/turtle_writer.py -> /home/bxnchxchi/4sem1/ADV-mo/build/package_try/build/lib/package_try
copying package_try/talker.py -> /home/bxnchxchi/4sem1/ADV-mo/build/package_try/build/lib/package_try
copying package_try/__init__.py -> /home/bxnchxchi/4sem1/ADV-mo/build/package_try/build/lib/package_try
copying package_try/turtle_circle.py -> /home/bxnchxchi/4sem1/ADV-mo/build/package_try/build/lib/package_try
running install
running install_lib
creating /home/bxnchxchi/4sem1/ADV-mo/install/package_try/lib/python3.10/site-packages/package_try
copying /home/bxnchxchi/4sem1/ADV-mo/build/package_try/build/lib/package_try/listener.py -> /home/bxnchxchi/4sem1/ADV-mo/install/package_try/lib/python3.10/site-packages/package_try
copying /home/bxnchxchi/4sem1/ADV-mo/build/package_try/build/lib/package_try/turtle_writer.py -> /home/bxnchxchi/4sem1/ADV-mo/install/package_try/lib/python3.10/site-packages/package_try
copying /home/bxnchxchi/4sem1/ADV-mo/build/package_try/build/lib/package_try/talker.py -> /home/bxnchxchi/4sem1/ADV-mo/install/package_try/lib/python3.10/site-packages/package_try
copying /home/bxnchxchi/4sem1/ADV-mo/build/package_try/build/lib/package_try/__init__.py -> /home/bxnchxchi/4sem1/ADV-mo/install/package_try/lib/python3.10/site-packages/package_try
copying /home/bxnchxchi/4sem1/ADV-mo/build/package_try/build/lib/package_try/turtle_circle.py -> /home/bxnchxchi/4sem1/ADV-mo/install/package_try/lib/python3.10/site-packages/package_try
byte-compiling /home/bxnchxchi/4sem1/ADV-mo/install/package_try/lib/python3.10/site-packages/package_try/listener.py to listener.cpython-310.pyc
byte-compiling /home/bxnchxchi/4sem1/ADV-mo/install/package_try/lib/python3.10/site-packages/package_try/turtle_writer.py to turtle_writer.cpython-310.pyc
byte-compiling /home/bxnchxchi/4sem1/ADV-mo/install/package_try/lib/python3.10/site-packages/package_try/talker.py to talker.cpython-310.pyc
byte-compiling /home/bxnchxchi/4sem1/ADV-mo/install/package_try/lib/python3.10/site-packages/package_try/__init__.py to __init__.cpython-310.pyc
byte-compiling /home/bxnchxchi/4sem1/ADV-mo/install/package_try/lib/python3.10/site-packages/package_try/turtle_circle.py to turtle_circle.cpython-310.pyc
running install_data
creating /home/bxnchxchi/4sem1/ADV-mo/install/package_try/share/ament_index/resource_index/packages
copying resource/package_try -> /home/bxnchxchi/4sem1/ADV-mo/install/package_try/share/ament_index/resource_index/packages
copying package.xml -> /home/bxnchxchi/4sem1/ADV-mo/install/package_try/share/package_try
running install_egg_info
Copying ../../build/package_try/package_try.egg-info to /home/bxnchxchi/4sem1/ADV-mo/install/package_try/lib/python3.10/site-packages/package_try-0.0.0-py3.10.egg-info
running install_scripts
writing list of installed files to '/home/bxnchxchi/4sem1/ADV-mo/build/package_try/install.log'
