/home/bxnchxchi/.local/lib/python3.10/site-packages/setuptools/_distutils/dist.py:289: UserWarning: Unknown distribution option: 'tests_require'
  warnings.warn(msg)
running egg_info
creating ../../build/turtlePack-before/turtlePack_before.egg-info
writing ../../build/turtlePack-before/turtlePack_before.egg-info/PKG-INFO
writing dependency_links to ../../build/turtlePack-before/turtlePack_before.egg-info/dependency_links.txt
writing entry points to ../../build/turtlePack-before/turtlePack_before.egg-info/entry_points.txt
writing requirements to ../../build/turtlePack-before/turtlePack_before.egg-info/requires.txt
writing top-level names to ../../build/turtlePack-before/turtlePack_before.egg-info/top_level.txt
writing manifest file '../../build/turtlePack-before/turtlePack_before.egg-info/SOURCES.txt'
reading manifest file '../../build/turtlePack-before/turtlePack_before.egg-info/SOURCES.txt'
writing manifest file '../../build/turtlePack-before/turtlePack_before.egg-info/SOURCES.txt'
running build
running build_py
creating /home/bxnchxchi/4sem1/ADV-mo/build/turtlePack-before/build/lib/turtlePack
copying turtlePack/listener.py -> /home/bxnchxchi/4sem1/ADV-mo/build/turtlePack-before/build/lib/turtlePack
copying turtlePack/turtle_writer.py -> /home/bxnchxchi/4sem1/ADV-mo/build/turtlePack-before/build/lib/turtlePack
copying turtlePack/talker.py -> /home/bxnchxchi/4sem1/ADV-mo/build/turtlePack-before/build/lib/turtlePack
copying turtlePack/__init__.py -> /home/bxnchxchi/4sem1/ADV-mo/build/turtlePack-before/build/lib/turtlePack
copying turtlePack/pen_writer.py -> /home/bxnchxchi/4sem1/ADV-mo/build/turtlePack-before/build/lib/turtlePack
copying turtlePack/turtle_circle.py -> /home/bxnchxchi/4sem1/ADV-mo/build/turtlePack-before/build/lib/turtlePack
copying turtlePack/adder_server.py -> /home/bxnchxchi/4sem1/ADV-mo/build/turtlePack-before/build/lib/turtlePack
running install
running install_lib
creating /home/bxnchxchi/4sem1/ADV-mo/install/turtlePack-before/lib/python3.10/site-packages/turtlePack
copying /home/bxnchxchi/4sem1/ADV-mo/build/turtlePack-before/build/lib/turtlePack/listener.py -> /home/bxnchxchi/4sem1/ADV-mo/install/turtlePack-before/lib/python3.10/site-packages/turtlePack
copying /home/bxnchxchi/4sem1/ADV-mo/build/turtlePack-before/build/lib/turtlePack/turtle_writer.py -> /home/bxnchxchi/4sem1/ADV-mo/install/turtlePack-before/lib/python3.10/site-packages/turtlePack
copying /home/bxnchxchi/4sem1/ADV-mo/build/turtlePack-before/build/lib/turtlePack/talker.py -> /home/bxnchxchi/4sem1/ADV-mo/install/turtlePack-before/lib/python3.10/site-packages/turtlePack
copying /home/bxnchxchi/4sem1/ADV-mo/build/turtlePack-before/build/lib/turtlePack/__init__.py -> /home/bxnchxchi/4sem1/ADV-mo/install/turtlePack-before/lib/python3.10/site-packages/turtlePack
copying /home/bxnchxchi/4sem1/ADV-mo/build/turtlePack-before/build/lib/turtlePack/pen_writer.py -> /home/bxnchxchi/4sem1/ADV-mo/install/turtlePack-before/lib/python3.10/site-packages/turtlePack
copying /home/bxnchxchi/4sem1/ADV-mo/build/turtlePack-before/build/lib/turtlePack/turtle_circle.py -> /home/bxnchxchi/4sem1/ADV-mo/install/turtlePack-before/lib/python3.10/site-packages/turtlePack
copying /home/bxnchxchi/4sem1/ADV-mo/build/turtlePack-before/build/lib/turtlePack/adder_server.py -> /home/bxnchxchi/4sem1/ADV-mo/install/turtlePack-before/lib/python3.10/site-packages/turtlePack
byte-compiling /home/bxnchxchi/4sem1/ADV-mo/install/turtlePack-before/lib/python3.10/site-packages/turtlePack/listener.py to listener.cpython-310.pyc
byte-compiling /home/bxnchxchi/4sem1/ADV-mo/install/turtlePack-before/lib/python3.10/site-packages/turtlePack/turtle_writer.py to turtle_writer.cpython-310.pyc
byte-compiling /home/bxnchxchi/4sem1/ADV-mo/install/turtlePack-before/lib/python3.10/site-packages/turtlePack/talker.py to talker.cpython-310.pyc
byte-compiling /home/bxnchxchi/4sem1/ADV-mo/install/turtlePack-before/lib/python3.10/site-packages/turtlePack/__init__.py to __init__.cpython-310.pyc
byte-compiling /home/bxnchxchi/4sem1/ADV-mo/install/turtlePack-before/lib/python3.10/site-packages/turtlePack/pen_writer.py to pen_writer.cpython-310.pyc
byte-compiling /home/bxnchxchi/4sem1/ADV-mo/install/turtlePack-before/lib/python3.10/site-packages/turtlePack/turtle_circle.py to turtle_circle.cpython-310.pyc
byte-compiling /home/bxnchxchi/4sem1/ADV-mo/install/turtlePack-before/lib/python3.10/site-packages/turtlePack/adder_server.py to adder_server.cpython-310.pyc
running install_data
creating /home/bxnchxchi/4sem1/ADV-mo/install/turtlePack-before/share/ament_index/resource_index/packages
error: can't copy 'resource/turtlePack-before': doesn't exist or not a regular file
