[0.797s] Invoking command in '/home/bxnchxchi/4sem1/ADV-mo/try': PYTHONPATH=/home/bxnchxchi/4sem1/ADV-mo/build/try/prefix_override:/usr/lib/python3/dist-packages/colcon_core/task/python/colcon_distutils_commands:/home/bxnchxchi/4sem1/ADV-mo/install/try/lib/python3.10/site-packages:${PYTHONPATH} /usr/bin/python3 -W ignore:setup.py install is deprecated -W ignore:easy_install command is deprecated setup.py egg_info --egg-base ../build/try build --build-base /home/bxnchxchi/4sem1/ADV-mo/build/try/build install --record /home/bxnchxchi/4sem1/ADV-mo/build/try/install.log --single-version-externally-managed install_data
[0.926s] /home/bxnchxchi/.local/lib/python3.10/site-packages/setuptools/_distutils/dist.py:289: UserWarning: Unknown distribution option: 'tests_require'
[0.926s]   warnings.warn(msg)
[1.019s] running egg_info
[1.034s] writing ../build/try/try.egg-info/PKG-INFO
[1.035s] writing dependency_links to ../build/try/try.egg-info/dependency_links.txt
[1.035s] writing entry points to ../build/try/try.egg-info/entry_points.txt
[1.035s] writing requirements to ../build/try/try.egg-info/requires.txt
[1.035s] writing top-level names to ../build/try/try.egg-info/top_level.txt
[1.067s] reading manifest file '../build/try/try.egg-info/SOURCES.txt'
[1.069s] writing manifest file '../build/try/try.egg-info/SOURCES.txt'
[1.069s] running build
[1.069s] running build_py
[1.069s] copying try/talker.py -> /home/bxnchxchi/4sem1/ADV-mo/build/try/build/lib/try
[1.069s] copying try/__init__.py -> /home/bxnchxchi/4sem1/ADV-mo/build/try/build/lib/try
[1.069s] running install
[1.073s] running install_lib
[1.088s] copying /home/bxnchxchi/4sem1/ADV-mo/build/try/build/lib/try/talker.py -> /home/bxnchxchi/4sem1/ADV-mo/install/try/lib/python3.10/site-packages/try
[1.088s] copying /home/bxnchxchi/4sem1/ADV-mo/build/try/build/lib/try/__init__.py -> /home/bxnchxchi/4sem1/ADV-mo/install/try/lib/python3.10/site-packages/try
[1.089s] byte-compiling /home/bxnchxchi/4sem1/ADV-mo/install/try/lib/python3.10/site-packages/try/talker.py to talker.cpython-310.pyc
[1.089s] byte-compiling /home/bxnchxchi/4sem1/ADV-mo/install/try/lib/python3.10/site-packages/try/__init__.py to __init__.cpython-310.pyc
[1.089s] running install_data
[1.089s] copying resource/try -> /home/bxnchxchi/4sem1/ADV-mo/install/try/share/ament_index/resource_index/packages
[1.090s] copying package.xml -> /home/bxnchxchi/4sem1/ADV-mo/install/try/share/try
[1.090s] running install_egg_info
[1.106s] removing '/home/bxnchxchi/4sem1/ADV-mo/install/try/lib/python3.10/site-packages/try-0.0.0-py3.10.egg-info' (and everything under it)
[1.106s] Copying ../build/try/try.egg-info to /home/bxnchxchi/4sem1/ADV-mo/install/try/lib/python3.10/site-packages/try-0.0.0-py3.10.egg-info
[1.106s] running install_scripts
[1.227s] Installing talker script to /home/bxnchxchi/4sem1/ADV-mo/install/try/lib/try
[1.228s] writing list of installed files to '/home/bxnchxchi/4sem1/ADV-mo/build/try/install.log'
[1.256s] Invoked command in '/home/bxnchxchi/4sem1/ADV-mo/try' returned '0': PYTHONPATH=/home/bxnchxchi/4sem1/ADV-mo/build/try/prefix_override:/usr/lib/python3/dist-packages/colcon_core/task/python/colcon_distutils_commands:/home/bxnchxchi/4sem1/ADV-mo/install/try/lib/python3.10/site-packages:${PYTHONPATH} /usr/bin/python3 -W ignore:setup.py install is deprecated -W ignore:easy_install command is deprecated setup.py egg_info --egg-base ../build/try build --build-base /home/bxnchxchi/4sem1/ADV-mo/build/try/build install --record /home/bxnchxchi/4sem1/ADV-mo/build/try/install.log --single-version-externally-managed install_data
