/home/bxnchxchi/4sem1/ADV-mo/install/try/lib/python3.10/site-packages/try/listener.py
/home/bxnchxchi/4sem1/ADV-mo/install/try/lib/python3.10/site-packages/try/turtle_writer.py
/home/bxnchxchi/4sem1/ADV-mo/install/try/lib/python3.10/site-packages/try/talker.py
/home/bxnchxchi/4sem1/ADV-mo/install/try/lib/python3.10/site-packages/try/__init__.py
/home/bxnchxchi/4sem1/ADV-mo/install/try/lib/python3.10/site-packages/try/pen_writer.py
/home/bxnchxchi/4sem1/ADV-mo/install/try/lib/python3.10/site-packages/try/turtle_circle.py
/home/bxnchxchi/4sem1/ADV-mo/install/try/lib/python3.10/site-packages/try/adder_server.py
/home/bxnchxchi/4sem1/ADV-mo/install/try/lib/python3.10/site-packages/try/__pycache__/listener.cpython-310.pyc
/home/bxnchxchi/4sem1/ADV-mo/install/try/lib/python3.10/site-packages/try/__pycache__/turtle_writer.cpython-310.pyc
/home/bxnchxchi/4sem1/ADV-mo/install/try/lib/python3.10/site-packages/try/__pycache__/talker.cpython-310.pyc
/home/bxnchxchi/4sem1/ADV-mo/install/try/lib/python3.10/site-packages/try/__pycache__/__init__.cpython-310.pyc
/home/bxnchxchi/4sem1/ADV-mo/install/try/lib/python3.10/site-packages/try/__pycache__/pen_writer.cpython-310.pyc
/home/bxnchxchi/4sem1/ADV-mo/install/try/lib/python3.10/site-packages/try/__pycache__/turtle_circle.cpython-310.pyc
/home/bxnchxchi/4sem1/ADV-mo/install/try/lib/python3.10/site-packages/try/__pycache__/adder_server.cpython-310.pyc
/home/bxnchxchi/4sem1/ADV-mo/install/try/share/ament_index/resource_index/packages/try
/home/bxnchxchi/4sem1/ADV-mo/install/try/share/try/package.xml
/home/bxnchxchi/4sem1/ADV-mo/install/try/lib/python3.10/site-packages/try-0.0.0-py3.10.egg-info/SOURCES.txt
/home/bxnchxchi/4sem1/ADV-mo/install/try/lib/python3.10/site-packages/try-0.0.0-py3.10.egg-info/PKG-INFO
/home/bxnchxchi/4sem1/ADV-mo/install/try/lib/python3.10/site-packages/try-0.0.0-py3.10.egg-info/requires.txt
/home/bxnchxchi/4sem1/ADV-mo/install/try/lib/python3.10/site-packages/try-0.0.0-py3.10.egg-info/zip-safe
/home/bxnchxchi/4sem1/ADV-mo/install/try/lib/python3.10/site-packages/try-0.0.0-py3.10.egg-info/dependency_links.txt
/home/bxnchxchi/4sem1/ADV-mo/install/try/lib/python3.10/site-packages/try-0.0.0-py3.10.egg-info/top_level.txt
/home/bxnchxchi/4sem1/ADV-mo/install/try/lib/python3.10/site-packages/try-0.0.0-py3.10.egg-info/entry_points.txt
/home/bxnchxchi/4sem1/ADV-mo/install/try/lib/try/adder_server
/home/bxnchxchi/4sem1/ADV-mo/install/try/lib/try/listener
/home/bxnchxchi/4sem1/ADV-mo/install/try/lib/try/pen_writer
/home/bxnchxchi/4sem1/ADV-mo/install/try/lib/try/talker
/home/bxnchxchi/4sem1/ADV-mo/install/try/lib/try/turtle_circle
/home/bxnchxchi/4sem1/ADV-mo/install/try/lib/try/turtle_writer
